// Jest Snapshot v1, https://goo.gl/fbAQLP

exports[`Header Tests Should render  correctly with the product name 1`] = `
<DocumentFragment>
  <div
    class="header"
  >
    logo
  </div>
</DocumentFragment>
`;
