// Jest Snapshot v1, https://goo.gl/fbAQLP

exports[`Option Tests Should render  correctly with the label 1`] = `
<DocumentFragment>
  <div
    class="option"
  >
    Cat Pics
  </div>
</DocumentFragment>
`;
